// Jest Snapshot v1, https://goo.gl/fbAQLP

exports[`add workout renders the UI as expected 1`] = `
<div
  className="addworkout-container"
>
  <div
    className="header-container"
  >
    <header
      className="App-header"
    >
      <a
        href="/"
        onClick={[Function]}
      >
        <span>
          One More
        </span>
      </a>
      <a
        href="/workoutPage"
        onClick={[Function]}
      >
        <span
          className="enter-app"
        >
          Enter App
        </span>
      </a>
    </header>
  </div>
  <form
    onSubmit={[Function]}
  >
    <fieldset>
      <legend>
        Workout
      </legend>
      <div>
        <div
          className="form-input"
        >
          <label
            htmlFor="title"
          >
            Title:
          </label>
          <input
            id="title"
            name="title"
            placeholder="back"
            required={true}
            type="text"
          />
        </div>
        <div
          className="form-input"
        >
          <label
            htmlFor="workout1"
          >
            workout:
          </label>
          <input
            id="workout1"
            name="workout1"
            placeholder="back extensions"
            required={true}
            type="text"
          />
        </div>
        <div
          className="form-input"
        >
          <label
            htmlFor="lbs"
          >
            lbs:
          </label>
          <input
            id="lbs"
            name="lbs"
            placeholder="50lbs"
            type="number"
          />
        </div>
        <div
          className="form-input"
        >
          <label
            htmlFor="set1"
          >
            set1:
          </label>
          <input
            id="set1"
            name="set1"
            placeholder="10reps"
            type="number"
          />
        </div>
        <div
          className="form-input"
        >
          <label
            htmlFor="set2"
          >
            set2:
          </label>
          <input
            id="set2"
            name="set2"
            placeholder="10reps"
            type="number"
          />
        </div>
        <div
          className="form-input"
        >
          <label
            htmlFor="set3"
          >
            set3:
          </label>
          <input
            id="set3"
            name="set3"
            placeholder="10reps"
            type="number"
          />
        </div>
      </div>
      <div
        className="button-container"
      >
        <button
          onClick={[Function]}
          type="button"
        >
          Cancel
        </button>
        <button
          type="submit"
        >
          Save
        </button>
      </div>
    </fieldset>
  </form>
  <div>
    <footer>
      copyright 2019, one more
    </footer>
  </div>
</div>
`;
